Archive member included because of file (symbol)

/usr/bin/../lib/gcc/arm-none-eabi/4.8.3/../../../../arm-none-eabi/lib/armv7-m/libc.a(lib_a-memcmp.o)
                              ../../src/KEYBOARD/report_protocol.o (memcmp)
/usr/bin/../lib/gcc/arm-none-eabi/4.8.3/../../../../arm-none-eabi/lib/armv7-m/libc.a(lib_a-memcpy.o)
                              ../../src/CCID/CcidLocalAccess.o (memcpy)
/usr/bin/../lib/gcc/arm-none-eabi/4.8.3/../../../../arm-none-eabi/lib/armv7-m/libc.a(lib_a-memmove.o)
                              ../../src/CRYPT/SHA1/sha1.o (memmove)
/usr/bin/../lib/gcc/arm-none-eabi/4.8.3/../../../../arm-none-eabi/lib/armv7-m/libc.a(lib_a-memset.o)
                              ../../src/CRYPT/SHA1/sha1.o (memset)
/usr/bin/../lib/gcc/arm-none-eabi/4.8.3/../../../../arm-none-eabi/lib/armv7-m/libc.a(lib_a-setjmp.o)
                              ../../src/main.o (setjmp)
/usr/bin/../lib/gcc/arm-none-eabi/4.8.3/../../../../arm-none-eabi/lib/armv7-m/libc.a(lib_a-strcpy.o)
                              ../../src/CCID/CcidLocalAccess.o (strcpy)
/usr/bin/../lib/gcc/arm-none-eabi/4.8.3/../../../../arm-none-eabi/lib/armv7-m/libc.a(lib_a-strlen.o)
                              ../../src/CCID/CcidLocalAccess.o (strlen)

Allocating common symbols
Common symbol       size              file

SaveRState          0x2               ../../src/STM/Libraries/STM32_USB-FS-Device_Driver/src/usb_int.o
UsbIntMessageBuffer
                    0x4               ../../src/CCID/Ccid_usb.o
InstructionByte     0x1               ../../src/CCID/Crd.o
HID_SetReport_Value
                    0x40              ../../src/CCID/CCIDHID_USB/CCIDHID_usb_prop.o
CBW                 0x20              ../../src/USB/usb_bot.o
CrdFlags            0x1               ../../src/CCID/Crd.o
CrdBufferSize       0x4               ../../src/CCID/Crd.o
temp_password       0x19              ../../src/KEYBOARD/report_protocol.o
UsbMessageFlags     0x1               ../../src/CCID/Ccid_usb.o
SaveState           0x2               ../../src/STM/Libraries/STM32_USB-FS-Device_Driver/src/usb_init.o
ProtocolValue       0x4               ../../src/CCID/CCIDHID_USB/CCIDHID_usb_prop.o
SC_ATR_Table        0x28              ../../src/CCID/SMARTCARD/smartcard.o
wIstr               0x2               ../../src/USB/usb_istr.o
pProperty           0x4               ../../src/STM/Libraries/STM32_USB-FS-Device_Driver/src/usb_init.o
UsbMessageBuffer    0x160             ../../src/CCID/Ccid_usb.o
EPindex             0x1               ../../src/STM/Libraries/STM32_USB-FS-Device_Driver/src/usb_init.o
message             0x40              ../../src/CCID/CCIDHID_USB/CCIDHID_usb_prop.o
Data_Len            0x2               ../../src/USB/usb_bot.o
MASS_Device_Info    0x1c              ../../src/SD_DISK/SD_USB/usb_prop.o
Bot_State           0x1               ../../src/USB/usb_bot.o
SCSI_LBA            0x4               ../../src/USB/usb_bot.o
SaveTState          0x2               ../../src/STM/Libraries/STM32_USB-FS-Device_Driver/src/usb_int.o
Device_Info         0x4               ../../src/STM/Libraries/STM32_USB-FS-Device_Driver/src/usb_init.o
AbortSequenceNumber
                    0x1               ../../src/CCID/Ccid_usb.o
jmpRestartUSB       0x5c              ../../src/main.o
pUser_Standard_Requests
                    0x4               ../../src/STM/Libraries/STM32_USB-FS-Device_Driver/src/usb_init.o
BulkStatus          0x1               ../../src/CCID/Ccid_usb.o
CSW                 0x10              ../../src/USB/usb_bot.o
SCSI_BlkLen         0x4               ../../src/USB/usb_bot.o
StatusInfo          0x2               ../../src/STM/Libraries/STM32_USB-FS-Device_Driver/src/usb_core.o
pInformation        0x4               ../../src/STM/Libraries/STM32_USB-FS-Device_Driver/src/usb_init.o
CCID_Device_Info    0x1c              ../../src/CCID/CCIDHID_USB/CCIDHID_usb_prop.o
ResumeS             0x2               ../../src/USB/usb_pwr.o
Bulk_Data_Buff      0x40              ../../src/USB/usb_bot.o
page_buffer         0x3e8             ../../src/CRYPT/hotp.o
ProcedureByte       0x1               ../../src/CCID/Crd.o
SC_A2R              0x2f              ../../src/CCID/SMARTCARD/smartcard.o
pCrdBuffer          0x4               ../../src/CCID/Crd.o
SC_Responce         0x16              ../../src/CCID/SMARTCARD/smartcard.o
CrdNbData           0x4               ../../src/CCID/Crd.o
HID_GetReport_Value
                    0x40              ../../src/CCID/CCIDHID_USB/CCIDHID_usb_prop.o
HID_GetReport_Value_tmp
                    0x40              ../../src/CCID/CCIDHID_USB/CCIDHID_usb_prop.o
HID_SetReport_Value_tmp
                    0x40              ../../src/CCID/CCIDHID_USB/CCIDHID_usb_prop.o
wInterrupt_Mask     0x2               ../../src/STM/Libraries/STM32_USB-FS-Device_Driver/src/usb_init.o

Memory Configuration

Name             Origin             Length             Attributes
RAM              0x0000000020000000 0x0000000000005000 xrw
FLASH            0x0000000008000000 0x0000000000020000 xr
FLASHB1          0x0000000000000000 0x0000000000000000 xr
EXTMEMB0         0x0000000000000000 0x0000000000000000 xr
EXTMEMB1         0x0000000000000000 0x0000000000000000 xr
EXTMEMB2         0x0000000000000000 0x0000000000000000 xr
EXTMEMB3         0x0000000000000000 0x0000000000000000 xr
*default*        0x0000000000000000 0xffffffffffffffff

Linker script and memory map

LOAD ../../src/main.o
LOAD ../../src/hw_config.o
LOAD ../../src/test_code.o
LOAD ../../src/memory_ops.o
LOAD ../../src/CCID/Ccid_usb.o
LOAD ../../src/CCID/Ifd_protocol.o
LOAD ../../src/CCID/Crd.o
LOAD ../../src/CCID/Ifd_ccid.o
LOAD ../../src/CCID/CcidLocalAccess.o
LOAD ../../src/CCID/SMARTCARD/smartcard.o
LOAD ../../src/CCID/CCIDHID_USB/CCIDHID_usb_prop.o
LOAD ../../src/CCID/CCIDHID_USB/CCIDHID_usb_desc.o
LOAD ../../src/SD_DISK/SD_USB/usb_desc.o
LOAD ../../src/SD_DISK/SD_USB/usb_prop.o
LOAD ../../src/STM/stm32f10x_systick.o
LOAD ../../src/STM/stm32f10x_it.o
LOAD ../../src/STM/Libraries/CMSIS/Core/CM3/core_cm3.o
LOAD ../../src/STM/Libraries/CMSIS/Core/CM3/system_stm32f10x.o
LOAD ../../src/STM/Libraries/CMSIS/Core/CM3/startup/gcc/startup_stm32f10x_hd.o
LOAD ../../src/STM/Libraries/STM32F10x_StdPeriph_Driver/src/misc.o
LOAD ../../src/STM/Libraries/STM32F10x_StdPeriph_Driver/src/stm32f10x_adc.o
LOAD ../../src/STM/Libraries/STM32F10x_StdPeriph_Driver/src/stm32f10x_bkp.o
LOAD ../../src/STM/Libraries/STM32F10x_StdPeriph_Driver/src/stm32f10x_can.o
LOAD ../../src/STM/Libraries/STM32F10x_StdPeriph_Driver/src/stm32f10x_crc.o
LOAD ../../src/STM/Libraries/STM32F10x_StdPeriph_Driver/src/stm32f10x_dac.o
LOAD ../../src/STM/Libraries/STM32F10x_StdPeriph_Driver/src/stm32f10x_dbgmcu.o
LOAD ../../src/STM/Libraries/STM32F10x_StdPeriph_Driver/src/stm32f10x_dma.o
LOAD ../../src/STM/Libraries/STM32F10x_StdPeriph_Driver/src/stm32f10x_exti.o
LOAD ../../src/STM/Libraries/STM32F10x_StdPeriph_Driver/src/stm32f10x_flash.o
LOAD ../../src/STM/Libraries/STM32F10x_StdPeriph_Driver/src/stm32f10x_fsmc.o
LOAD ../../src/STM/Libraries/STM32F10x_StdPeriph_Driver/src/stm32f10x_gpio.o
LOAD ../../src/STM/Libraries/STM32F10x_StdPeriph_Driver/src/stm32f10x_i2c.o
LOAD ../../src/STM/Libraries/STM32F10x_StdPeriph_Driver/src/stm32f10x_iwdg.o
LOAD ../../src/STM/Libraries/STM32F10x_StdPeriph_Driver/src/stm32f10x_pwr.o
LOAD ../../src/STM/Libraries/STM32F10x_StdPeriph_Driver/src/stm32f10x_rcc.o
LOAD ../../src/STM/Libraries/STM32F10x_StdPeriph_Driver/src/stm32f10x_rtc.o
LOAD ../../src/STM/Libraries/STM32F10x_StdPeriph_Driver/src/stm32f10x_sdio.o
LOAD ../../src/STM/Libraries/STM32F10x_StdPeriph_Driver/src/stm32f10x_spi.o
LOAD ../../src/STM/Libraries/STM32F10x_StdPeriph_Driver/src/stm32f10x_tim.o
LOAD ../../src/STM/Libraries/STM32F10x_StdPeriph_Driver/src/stm32f10x_usart.o
LOAD ../../src/STM/Libraries/STM32F10x_StdPeriph_Driver/src/stm32f10x_wwdg.o
LOAD ../../src/STM/Libraries/STM32_USB-FS-Device_Driver/src/usb_core.o
LOAD ../../src/STM/Libraries/STM32_USB-FS-Device_Driver/src/usb_init.o
LOAD ../../src/STM/Libraries/STM32_USB-FS-Device_Driver/src/usb_int.o
LOAD ../../src/STM/Libraries/STM32_USB-FS-Device_Driver/src/usb_mem.o
LOAD ../../src/STM/Libraries/STM32_USB-FS-Device_Driver/src/usb_regs.o
LOAD ../../src/CRYPT/AES/aes.o
LOAD ../../src/CRYPT/SHA1/sha1.o
LOAD ../../src/CRYPT/SHA1/hmac-sha1.o
LOAD ../../src/CRYPT/hotp.o
LOAD ../../src/KEYBOARD/keyboard.o
LOAD ../../src/KEYBOARD/report_protocol.o
LOAD ../../src/USB/usb_endp.o
LOAD ../../src/USB/usb_bot.o
LOAD ../../src/USB/usb_pwr.o
LOAD ../../src/USB/usb_istr.o
LOAD /usr/bin/../lib/gcc/arm-none-eabi/4.8.3/../../../../arm-none-eabi/lib/armv7-m/libc.a
LOAD /usr/bin/../lib/gcc/arm-none-eabi/4.8.3/../../../../arm-none-eabi/lib/armv7-m/libm.a
LOAD /usr/bin/../lib/gcc/arm-none-eabi/4.8.3/../../../../arm-none-eabi/lib/armv7-m/libc.a
LOAD /usr/bin/../lib/gcc/arm-none-eabi/4.8.3/armv7-m/libgcc.a
START GROUP
LOAD /usr/bin/../lib/gcc/arm-none-eabi/4.8.3/armv7-m/libgcc.a
LOAD /usr/bin/../lib/gcc/arm-none-eabi/4.8.3/../../../../arm-none-eabi/lib/armv7-m/libg.a
LOAD /usr/bin/../lib/gcc/arm-none-eabi/4.8.3/../../../../arm-none-eabi/lib/armv7-m/libc.a
END GROUP
                0x0000000000000400                __Stack_Size = 0x400
                0x0000000000000400                PROVIDE (_Stack_Size, __Stack_Size)
                0x0000000020004c00                __Stack_Init = (_estack - __Stack_Size)
                0x0000000020004c00                PROVIDE (_Stack_Init, __Stack_Init)
                0x0000000000000100                _Minimum_Stack_Size = 0x100
                0x0000000000000000                PROVIDE (Undefined_Handler, 0x0)
                0x0000000000000000                PROVIDE (SWI_Handler, 0x0)
                0x0000000000000000                PROVIDE (IRQ_Handler, 0x0)
                0x0000000000000000                PROVIDE (Prefetch_Handler, 0x0)
                0x0000000000000000                PROVIDE (Abort_Handler, 0x0)
                0x0000000000000000                PROVIDE (FIQ_Handler, 0x0)
                0x0000000000000000                PROVIDE (NMIException, 0x0)
                0x0000000000000000                PROVIDE (HardFaultException, 0x0)
                0x0000000000000000                PROVIDE (MemManageException, 0x0)
                0x0000000000000000                PROVIDE (BusFaultException, 0x0)
                0x0000000000000000                PROVIDE (UsageFaultException, 0x0)
                0x0000000000000000                PROVIDE (SVCHandler, 0x0)
                0x0000000000000000                PROVIDE (DebugMonitor, 0x0)
                0x0000000000000000                PROVIDE (PendSVC, 0x0)
                0x0000000000000000                PROVIDE (SysTickHandler, 0x0)
                0x0000000000000000                PROVIDE (WWDG_IRQHandler, 0x0)
                0x0000000000000000                PROVIDE (PVD_IRQHandler, 0x0)
                0x0000000000000000                PROVIDE (TAMPER_IRQHandler, 0x0)
                0x0000000000000000                PROVIDE (RTC_IRQHandler, 0x0)
                0x0000000000000000                PROVIDE (FLASH_IRQHandler, 0x0)
                0x0000000000000000                PROVIDE (RCC_IRQHandler, 0x0)
                0x0000000000000000                PROVIDE (EXTI0_IRQHandler, 0x0)
                0x0000000000000000                PROVIDE (EXTI1_IRQHandler, 0x0)
                0x0000000000000000                PROVIDE (EXTI2_IRQHandler, 0x0)
                0x0000000000000000                PROVIDE (EXTI3_IRQHandler, 0x0)
                0x0000000000000000                PROVIDE (EXTI4_IRQHandler, 0x0)
                0x0000000000000000                PROVIDE (DMAChannel1_IRQHandler, 0x0)
                0x0000000000000000                PROVIDE (DMAChannel2_IRQHandler, 0x0)
                0x0000000000000000                PROVIDE (DMAChannel3_IRQHandler, 0x0)
                0x0000000000000000                PROVIDE (DMAChannel4_IRQHandler, 0x0)
                0x0000000000000000                PROVIDE (DMAChannel5_IRQHandler, 0x0)
                0x0000000000000000                PROVIDE (DMAChannel6_IRQHandler, 0x0)
                0x0000000000000000                PROVIDE (DMAChannel7_IRQHandler, 0x0)
                0x0000000000000000                PROVIDE (ADC_IRQHandler, 0x0)
                0x0000000000000000                PROVIDE (USB_HP_CAN_TX_IRQHandler, 0x0)
                0x0000000000000000                PROVIDE (USB_LP_CAN_RX0_IRQHandler, 0x0)
                0x0000000000000000                PROVIDE (CAN_RX1_IRQHandler, 0x0)
                0x0000000000000000                PROVIDE (CAN_SCE_IRQHandler, 0x0)
                0x0000000000000000                PROVIDE (EXTI9_5_IRQHandler, 0x0)
                0x0000000000000000                PROVIDE (TIM1_BRK_IRQHandler, 0x0)
                0x0000000000000000                PROVIDE (TIM1_UP_IRQHandler, 0x0)
                0x0000000000000000                PROVIDE (TIM1_TRG_COM_IRQHandler, 0x0)
                0x0000000000000000                PROVIDE (TIM1_CC_IRQHandler, 0x0)
                0x0000000000000000                PROVIDE (TIM2_IRQHandler, 0x0)
                0x0000000000000000                PROVIDE (TIM3_IRQHandler, 0x0)
                0x0000000000000000                PROVIDE (TIM4_IRQHandler, 0x0)
                0x0000000000000000                PROVIDE (I2C1_EV_IRQHandler, 0x0)
                0x0000000000000000                PROVIDE (I2C1_ER_IRQHandler, 0x0)
                0x0000000000000000                PROVIDE (I2C2_EV_IRQHandler, 0x0)
                0x0000000000000000                PROVIDE (I2C2_ER_IRQHandler, 0x0)
                0x0000000000000000                PROVIDE (SPI1_IRQHandler, 0x0)
                0x0000000000000000                PROVIDE (SPI2_IRQHandler, 0x0)
                0x0000000000000000                PROVIDE (USART1_IRQHandler, 0x0)
                0x0000000000000000                PROVIDE (USART2_IRQHandler, 0x0)
                0x0000000000000000                PROVIDE (USART3_IRQHandler, 0x0)
                0x0000000000000000                PROVIDE (EXTI15_10_IRQHandler, 0x0)
                0x0000000000000000                PROVIDE (RTCAlarm_IRQHandler, 0x0)
                0x0000000000000000                PROVIDE (USBWakeUp_IRQHandler, 0x0)
                0x0000000042000000                PERIPH_BB_BASE = 0x42000000
                0x0000000022000000                SRAM_BB_BASE = 0x22000000
                0x0000000020000000                SRAM_BASE = 0x20000000
                0x0000000040000000                PERIPH_BASE = 0x40000000
                0x0000000040022000                PROVIDE (FLASH_BASE, 0x40022000)
                0x000000001ffff800                PROVIDE (OB_BASE, 0x1ffff800)
                0x0000000040000000                APB1PERIPH_BASE = PERIPH_BASE
                0x0000000040010000                APB2PERIPH_BASE = (PERIPH_BASE + 0x10000)
                0x0000000040020000                AHBPERIPH_BASE = (PERIPH_BASE + 0x20000)
                0x0000000040000000                PROVIDE (TIM2, (APB1PERIPH_BASE + 0x0))
                0x0000000040000400                PROVIDE (TIM3, (APB1PERIPH_BASE + 0x400))
                0x0000000040000800                PROVIDE (TIM4, (APB1PERIPH_BASE + 0x800))
                0x0000000040002800                PROVIDE (RTC, (APB1PERIPH_BASE + 0x2800))
                0x0000000040002c00                PROVIDE (WWDG, (APB1PERIPH_BASE + 0x2c00))
                0x0000000040003000                PROVIDE (IWDG, (APB1PERIPH_BASE + 0x3000))
                0x0000000040003800                PROVIDE (SPI2, (APB1PERIPH_BASE + 0x3800))
                0x0000000040004400                PROVIDE (USART2, (APB1PERIPH_BASE + 0x4400))
                0x0000000040004800                PROVIDE (USART3, (APB1PERIPH_BASE + 0x4800))
                0x0000000040005400                PROVIDE (I2C1, (APB1PERIPH_BASE + 0x5400))
                0x0000000040005800                PROVIDE (I2C2, (APB1PERIPH_BASE + 0x5800))
                0x0000000040006400                PROVIDE (CAN, (APB1PERIPH_BASE + 0x6400))
                0x0000000040006c00                PROVIDE (BKP, (APB1PERIPH_BASE + 0x6c00))
                0x0000000040007000                PROVIDE (PWR, (APB1PERIPH_BASE + 0x7000))
                0x0000000040010000                PROVIDE (AFIO, (APB2PERIPH_BASE + 0x0))
                0x0000000040010400                PROVIDE (EXTI, (APB2PERIPH_BASE + 0x400))
                0x0000000040010800                PROVIDE (GPIOA, (APB2PERIPH_BASE + 0x800))
                0x0000000040010c00                PROVIDE (GPIOB, (APB2PERIPH_BASE + 0xc00))
                0x0000000040011000                PROVIDE (GPIOC, (APB2PERIPH_BASE + 0x1000))
                0x0000000040011400                PROVIDE (GPIOD, (APB2PERIPH_BASE + 0x1400))
                0x0000000040011800                PROVIDE (GPIOE, (APB2PERIPH_BASE + 0x1800))
                0x0000000040012400                PROVIDE (ADC1, (APB2PERIPH_BASE + 0x2400))
                0x0000000040012800                PROVIDE (ADC2, (APB2PERIPH_BASE + 0x2800))
                0x0000000040012c00                PROVIDE (TIM1, (APB2PERIPH_BASE + 0x2c00))
                0x0000000040013000                PROVIDE (SPI1, (APB2PERIPH_BASE + 0x3000))
                0x0000000040013800                PROVIDE (USART1, (APB2PERIPH_BASE + 0x3800))
                0x0000000040020000                PROVIDE (DMA, (AHBPERIPH_BASE + 0x0))
                0x0000000040020008                PROVIDE (DMA_Channel1, (AHBPERIPH_BASE + 0x8))
                0x000000004002001c                PROVIDE (DMA_Channel2, (AHBPERIPH_BASE + 0x1c))
                0x0000000040020030                PROVIDE (DMA_Channel3, (AHBPERIPH_BASE + 0x30))
                0x0000000040020044                PROVIDE (DMA_Channel4, (AHBPERIPH_BASE + 0x44))
                0x0000000040020058                PROVIDE (DMA_Channel5, (AHBPERIPH_BASE + 0x58))
                0x000000004002006c                PROVIDE (DMA_Channel6, (AHBPERIPH_BASE + 0x6c))
                0x0000000040020080                PROVIDE (DMA_Channel7, (AHBPERIPH_BASE + 0x80))
                0x0000000040021000                PROVIDE (RCC, (AHBPERIPH_BASE + 0x1000))
                0x00000000e000e000                SCS_BASE = 0xe000e000
                0x00000000e000e010                PROVIDE (SysTick, (SCS_BASE + 0x10))
                0x00000000e000e100                PROVIDE (NVIC, (SCS_BASE + 0x100))
                0x00000000e000ed00                PROVIDE (SCB, (SCS_BASE + 0xd00))
                0x0000000020005000                _estack = 0x20005000

.isr_vector     0x0000000008000000      0x1e4
                0x0000000008000000                . = ALIGN (0x4)
 *(.isr_vector)
 .isr_vector    0x0000000008000000      0x1e4 ../../src/STM/Libraries/CMSIS/Core/CM3/startup/gcc/startup_stm32f10x_hd.o
                0x0000000008000000                g_pfnVectors
                0x00000000080001e4                . = ALIGN (0x4)

.flashtext      0x00000000080001e4        0x0
                0x00000000080001e4                . = ALIGN (0x4)
 *(.flashtext)
                0x00000000080001e4                . = ALIGN (0x4)

.text           0x00000000080001e4     0x9d70
                0x00000000080001e4                . = ALIGN (0x4)
 *(.text)
 .text          0x00000000080001e4       0x50 ../../src/main.o
                0x00000000080001e4                test2
                0x0000000008000204                Test1
 .text          0x0000000008000234      0x3b0 ../../src/hw_config.o
                0x0000000008000234                DisableFirmwareDownloadPort
                0x0000000008000264                DisableSmartcardLED
                0x0000000008000268                EnableSmartcardLED
                0x0000000008000298                EnableOATHLED
                0x00000000080002c8                EnableButton
                0x00000000080002f8                EnableTimer2
                0x000000000800035c                ReadButton
                0x0000000008000368                SwitchSmartcardLED
                0x0000000008000380                SwitchOATHLED
                0x0000000008000398                StartBlinkingOATHLED
                0x00000000080003a8                Set_USBClock
                0x00000000080003c0                Enter_LowPowerMode
                0x00000000080003cc                Leave_LowPowerMode
                0x00000000080003ec                USB_Interrupts_Config
                0x0000000008000448                USB_Cable_Config
                0x0000000008000464                HexToAscii
                0x0000000008000470                Get_SerialNum
                0x000000000800056c                RCC_Config
                0x0000000008000570                MAL_Config
                0x000000000800057c                USB_Disconnect_Config
                0x00000000080005b4                Set_System
 .text          0x00000000080005e4        0x0 ../../src/test_code.o
 .text          0x00000000080005e4       0x50 ../../src/memory_ops.o
                0x00000000080005e4                getu16
                0x00000000080005f0                getu32
                0x0000000008000608                getu64
 .text          0x0000000008000634      0x544 ../../src/CCID/Ccid_usb.o
                0x0000000008000634                CCID_Init
                0x0000000008000664                CCID_Init_IT
                0x00000000080006a4                CCID_Suspend_IT
                0x00000000080006e4                CCID_Bot_Abort
                0x0000000008000724                CCID_Storage_Out
                0x0000000008000748                CCID_BulkOutMessage
                0x0000000008000884                CCID_BulkInMessage
                0x000000000800097c                CCID_DispatchMessage
                0x0000000008000a30                CCID_IntMessage
                0x0000000008000b18                CcidClassRequestAbort
                0x0000000008000b1c                CcidClassRequestGetClockFrequencies
                0x0000000008000b20                CcidClassRequestGetDataRates
                0x0000000008000b24                CCID_SendCardDetect
                0x0000000008000b40                CCID_CheckUsbCommunication
                0x0000000008000b60                CCID_SetCardState
                0x0000000008000b6c                CCID_GetCardState
 .text          0x0000000008000b78      0x424 ../../src/CCID/Ifd_protocol.o
                0x0000000008000b78                IFD_Init
                0x0000000008000bc4                IFD_ApplyParametersStructure
                0x0000000008000c48                IFD_UpdateConvParameterStructure
                0x0000000008000c68                GetExpectedAnswerSizeFromAPDU
                0x0000000008000c94                IFD_XfrCharT0
                0x0000000008000d30                IFD_XfrBlock
                0x0000000008000dc4                IFD_XfrCharT1
                0x0000000008000dc8                IFD_XfrTpduT0
                0x0000000008000dcc                IFD_XfrTpduT1
                0x0000000008000dd0                IFD_GetParameters
                0x0000000008000dfc                IFD_SetParameters
                0x0000000008000eb4                IFD_EscapeSendHwName
                0x0000000008000ee0                IFD_Escape
                0x0000000008000f20                IFD_SetClock
                0x0000000008000f3c                IFD_SetATRData
 .text          0x0000000008000f9c      0x27c ../../src/CCID/Crd.o
                0x0000000008000f9c                CRD_Init
                0x0000000008000fa8                CRD_GetHwError
                0x0000000008000fd4                CRD_VccOn
                0x0000000008000ff4                CRD_VccOff
                0x0000000008000ff8                CRD_VccOff_IT
                0x0000000008000ffc                CRD_SetMode
                0x0000000008001000                CRD_SetConvention
                0x0000000008001004                CRD_GetSlotStatus
                0x0000000008001008                CRD_GetConvention
                0x000000000800100c                CRD_GetClockStatus
                0x0000000008001010                CRD_SetClock
                0x0000000008001014                CRD_SetEtu
                0x0000000008001024                CRD_SetGuardTime
                0x0000000008001028                CRD_SetWaitingTime
                0x000000000800102c                CRD_StartWaitingTime
                0x000000000800103c                CRD_StopWaitingTime
                0x0000000008001040                CRD_WaitingTime
                0x0000000008001058                CRD_InitReceive
                0x0000000008001088                CRD_CharRepeatOn
                0x000000000800108c                CRD_CharRepeatOff
                0x000000000800109c                CRD_EndReceive
                0x00000000080010a8                CRD_InitTransmit
                0x00000000080010d0                CRD_NumberOfBytesToTransmit
                0x00000000080010dc                CRD_EndTransmit
                0x00000000080010e8                ICC_ResetAsync
                0x0000000008001118                ICC_SendCommandAsync
                0x00000000080011a0                ICC_ReceiveAnswerAsync
 .text          0x0000000008001218      0x4d8 ../../src/CCID/Ifd_ccid.o
                0x0000000008001218                PC_to_RDR_IccPowerOn
                0x000000000800125c                PC_to_RDR_IccPowerOff
                0x0000000008001260                PC_to_RDR_GetSlotStatus
                0x00000000080012ac                PC_to_RDR_XfrBlock
                0x0000000008001330                PC_to_RDR_GetParameters
                0x0000000008001388                PC_to_RDR_ResetParameters
                0x00000000080013f0                PC_to_RDR_SetParameters
                0x0000000008001468                PC_to_RDR_Escape
                0x00000000080014ec                PC_to_RDR_IccClock
                0x0000000008001544                PC_to_RDR_Abort
                0x00000000080015a4                RDR_to_PC_DataBlock
                0x00000000080015d4                RDR_to_PC_SlotStatus
                0x0000000008001608                RDR_to_PC_SlotStatus_CardStopped
                0x000000000800161c                RDR_to_PC_Parameters
                0x0000000008001660                RDR_to_PC_Escape
                0x0000000008001690                CmdNotSupported
                0x00000000080016b0                RDR_to_PC_NotifySlotChange
                0x00000000080016cc                RDR_to_PC_HardwareError
 .text          0x00000000080016f0      0x47c ../../src/CCID/CcidLocalAccess.o
                0x00000000080016f0                InitSCTStruct
                0x00000000080016fc                GenerateCRC
                0x000000000800171c                GenerateTPDU
                0x0000000008001774                GenerateChainedTPDU
                0x00000000080017a0                SendTPDU
                0x0000000008001814                SendAPDU
                0x0000000008001858                CcidSelectOpenPGPApp
                0x000000000800189c                CcidGetData
                0x00000000080018c4                CcidVerifyPin
                0x0000000008001904                CcidDecipher
                0x0000000008001968                AccessTestGPG
                0x0000000008001a8c                CcidLocalAccessTest
                0x0000000008001aa8                getAID
                0x0000000008001ad4                getSerialNumber
                0x0000000008001b00                getByteOfData
                0x0000000008001b0c                cardAuthenticate
                0x0000000008001b38                getPasswordRetryCount
 .text          0x0000000008001b6c      0xd10 ../../src/CCID/SMARTCARD/smartcard.o
                0x0000000008001c38                GPIO_Configuration_Smartcard
                0x0000000008001c60                SmartcardOn
                0x0000000008001c7c                SmartcardOff
                0x0000000008001c98                Delay
                0x0000000008001ccc                Delay_noUSBCheck
                0x0000000008001cf8                SC_PowerCmd
                0x0000000008001d60                SC_Reset
                0x0000000008001d70                SC_ParityErrorHandler
                0x0000000008001d94                SC_SetHwParams
                0x0000000008001e14                SC_PTSConfig
                0x0000000008002050                SC_Init
                0x00000000080021ac                SC_Handler
                0x00000000080025c0                WaitForATR
                0x000000000800261c                CRD_SendCommand
                0x0000000008002720                InvalidateATR
                0x000000000800272c                initSCHardware
                0x0000000008002834                RestartSmartcard
                0x0000000008002850                SmartCardInitInterface
 .text          0x000000000800287c      0x488 ../../src/CCID/CCIDHID_USB/CCIDHID_usb_prop.o
                0x000000000800287c                USB_CCID_Storage_SetDeviceAddress
                0x0000000008002888                USB_CCID_Status_Out
                0x000000000800288c                USB_CCID_Data_Setup
                0x0000000008002924                USB_CCID_NoData_Setup
                0x000000000800294c                USB_CCID_Get_Interface_Setting
                0x000000000800295c                Keyboard_GetProtocolValue
                0x0000000008002974                Keyboard_GetReport_Feature
                0x00000000080029bc                Keyboard_SetReport_Feature
                0x00000000080029d4                Keyboard_SetReport_Output
                0x00000000080029ec                USB_CCID_init
                0x0000000008002a28                USB_CCID_Reset
                0x0000000008002b5c                USB_CCID_GetDeviceDescriptor
                0x0000000008002b68                USB_CCID_GetConfigDescriptor
                0x0000000008002b74                USB_CCID_GetStringDescriptor
                0x0000000008002b94                Keyboard_GetReportDescriptor
                0x0000000008002ba0                Keyboard_GetHIDDescriptor
                0x0000000008002bac                USB_CCID_Status_In
                0x0000000008002c98                USB_CCID_Storage_SetConfiguration
                0x0000000008002cd4                USB_CCID_Get_Max_Lun
                0x0000000008002cec                Keyboard_SetProtocol
 .text          0x0000000008002d04        0x0 ../../src/CCID/CCIDHID_USB/CCIDHID_usb_desc.o
 .text          0x0000000008002d04        0x0 ../../src/SD_DISK/SD_USB/usb_desc.o
 .text          0x0000000008002d04      0x278 ../../src/SD_DISK/SD_USB/usb_prop.o
                0x0000000008002d04                Mass_Storage_SetDeviceAddress
                0x0000000008002d10                MASS_Status_In
                0x0000000008002d14                MASS_Status_Out
                0x0000000008002d18                MASS_Get_Interface_Setting
                0x0000000008002d28                Get_Max_Lun
                0x0000000008002d40                MASS_init
                0x0000000008002d7c                MASS_Reset
                0x0000000008002e6c                Mass_Storage_ClearFeature
                0x0000000008002e88                MASS_GetDeviceDescriptor
                0x0000000008002e94                MASS_GetConfigDescriptor
                0x0000000008002ea0                MASS_GetStringDescriptor
                0x0000000008002ec4                Mass_Storage_SetConfiguration
                0x0000000008002ef4                MASS_NoData_Setup
                0x0000000008002f44                MASS_Data_Setup
 .text          0x0000000008002f7c       0x78 ../../src/STM/stm32f10x_systick.o
                0x0000000008002f7c                SysTick_SetReload
                0x0000000008002f88                SysTick_CounterCmd
                0x0000000008002fb0                SysTick_ITConfig
                0x0000000008002fcc                SysTick_GetCounter
                0x0000000008002fd8                SysTick_GetFlagStatus
 .text          0x0000000008002ff4       0xc0 ../../src/STM/stm32f10x_it.o
                0x0000000008002ff4                NMI_Handler
                0x0000000008002ff8                HardFault_Handler
                0x0000000008002ffc                MemManage_Handler
                0x0000000008003000                BusFault_Handler
                0x0000000008003004                UsageFault_Handler
                0x0000000008003008                SVC_Handler
                0x000000000800300c                DebugMon_Handler
                0x0000000008003010                PendSV_Handler
                0x0000000008003014                SysTick_Handler
                0x0000000008003028                USB_HP_CAN1_TX_IRQHandler
                0x000000000800302c                USB_LP_CAN1_RX0_IRQHandler
                0x0000000008003030                SDIO_IRQHandler
                0x0000000008003034                TIM2_IRQHandler
 .text          0x00000000080030b4       0xa4 ../../src/STM/Libraries/CMSIS/Core/CM3/core_cm3.o
                0x00000000080030b4                __get_PSP
                0x00000000080030bc                __set_PSP
                0x00000000080030c4                __get_MSP
                0x00000000080030cc                __set_MSP
                0x00000000080030d4                __get_BASEPRI
                0x00000000080030dc                __set_BASEPRI
                0x00000000080030e4                __get_PRIMASK
                0x00000000080030ec                __set_PRIMASK
                0x00000000080030f4                __get_FAULTMASK
                0x00000000080030fc                __set_FAULTMASK
                0x0000000008003104                __REV
                0x0000000008003108                __REV16
                0x000000000800310c                __REVSH
                0x0000000008003110                __RBIT
                0x0000000008003118                __LDREXB
                0x0000000008003120                __LDREXH
                0x0000000008003128                __LDREXW
                0x0000000008003130                __STREXB
                0x0000000008003138                __STREXH
                0x0000000008003140                __STREXW
                0x0000000008003148                __get_CONTROL
                0x0000000008003150                __set_CONTROL
 .text          0x0000000008003158       0xf8 ../../src/STM/Libraries/CMSIS/Core/CM3/system_stm32f10x.o
                0x0000000008003158                SystemInit
 .text          0x0000000008003250       0xdc ../../src/STM/Libraries/CMSIS/Core/CM3/startup/gcc/startup_stm32f10x_hd.o
                0x0000000008003250                EXTI2_IRQHandler
                0x0000000008003250                TIM8_TRG_COM_IRQHandler
                0x0000000008003250                TIM8_CC_IRQHandler
                0x0000000008003250                TIM1_CC_IRQHandler
                0x0000000008003250                TIM6_IRQHandler
                0x0000000008003250                PVD_IRQHandler
                0x0000000008003250                EXTI3_IRQHandler
                0x0000000008003250                EXTI0_IRQHandler
                0x0000000008003250                I2C2_EV_IRQHandler
                0x0000000008003250                ADC1_2_IRQHandler
                0x0000000008003250                SPI1_IRQHandler
                0x0000000008003250                TAMPER_IRQHandler
                0x0000000008003250                TIM8_UP_IRQHandler
                0x0000000008003250                DMA2_Channel2_IRQHandler
                0x0000000008003250                DMA1_Channel4_IRQHandler
                0x0000000008003250                USART3_IRQHandler
                0x0000000008003250                RTC_IRQHandler
                0x0000000008003250                DMA1_Channel7_IRQHandler
                0x0000000008003250                CAN1_RX1_IRQHandler
                0x0000000008003250                UART5_IRQHandler
                0x0000000008003250                ADC3_IRQHandler
                0x0000000008003250                TIM4_IRQHandler
                0x0000000008003250                DMA2_Channel1_IRQHandler
                0x0000000008003250                I2C1_EV_IRQHandler
                0x0000000008003250                DMA1_Channel6_IRQHandler
                0x0000000008003250                UART4_IRQHandler
                0x0000000008003250                TIM3_IRQHandler
                0x0000000008003250                RCC_IRQHandler
                0x0000000008003250                TIM1_TRG_COM_IRQHandler
                0x0000000008003250                DMA1_Channel1_IRQHandler
                0x0000000008003250                Default_Handler
                0x0000000008003250                EXTI15_10_IRQHandler
                0x0000000008003250                TIM7_IRQHandler
                0x0000000008003250                TIM5_IRQHandler
                0x0000000008003250                EXTI9_5_IRQHandler
                0x0000000008003250                SPI2_IRQHandler
                0x0000000008003250                DMA1_Channel5_IRQHandler
                0x0000000008003250                EXTI4_IRQHandler
                0x0000000008003250                DMA1_Channel3_IRQHandler
                0x0000000008003250                FSMC_IRQHandler
                0x0000000008003250                TIM1_UP_IRQHandler
                0x0000000008003250                WWDG_IRQHandler
                0x0000000008003250                TIM1_BRK_IRQHandler
                0x0000000008003250                EXTI1_IRQHandler
                0x0000000008003250                RTCAlarm_IRQHandler
                0x0000000008003250                DMA2_Channel4_5_IRQHandler
                0x0000000008003250                USART2_IRQHandler
                0x0000000008003250                I2C2_ER_IRQHandler
                0x0000000008003250                DMA1_Channel2_IRQHandler
                0x0000000008003250                TIM8_BRK_IRQHandler
                0x0000000008003250                CAN1_SCE_IRQHandler
                0x0000000008003250                FLASH_IRQHandler
                0x0000000008003250                USART1_IRQHandler
                0x0000000008003250                SPI3_IRQHandler
                0x0000000008003250                I2C1_ER_IRQHandler
                0x0000000008003250                USBWakeUp_IRQHandler
                0x0000000008003250                DMA2_Channel3_IRQHandler
                0x0000000008003254                __Init_Data
                0x00000000080032b0                SystemInit_ExtMemCtl_Dummy
                0x00000000080032b0                SystemInit_ExtMemCtl
                0x00000000080032b4                Reset_Handler
 .text          0x000000000800332c       0xc8 ../../src/STM/Libraries/STM32F10x_StdPeriph_Driver/src/misc.o
                0x000000000800332c                NVIC_PriorityGroupConfig
                0x0000000008003340                NVIC_Init
                0x00000000080033b0                NVIC_SetVectorTable
                0x00000000080033c4                NVIC_SystemLPConfig
                0x00000000080033dc                SysTick_CLKSourceConfig
 .text          0x00000000080033f4      0x37c ../../src/STM/Libraries/STM32F10x_StdPeriph_Driver/src/stm32f10x_adc.o
                0x00000000080033f4                ADC_DeInit
                0x000000000800345c                ADC_Init
                0x00000000080034a4                ADC_StructInit
                0x00000000080034b8                ADC_Cmd
                0x00000000080034cc                ADC_DMACmd
                0x00000000080034e0                ADC_ITConfig
                0x00000000080034f4                ADC_ResetCalibration
                0x0000000008003500                ADC_GetResetCalibrationStatus
                0x0000000008003508                ADC_StartCalibration
                0x0000000008003514                ADC_GetCalibrationStatus
                0x000000000800351c                ADC_SoftwareStartConvCmd
                0x0000000008003530                ADC_GetSoftwareStartConvStatus
                0x0000000008003538                ADC_DiscModeChannelCountConfig
                0x0000000008003548                ADC_DiscModeCmd
                0x000000000800355c                ADC_RegularChannelConfig
                0x00000000080035f8                ADC_ExternalTrigConvCmd
                0x000000000800360c                ADC_GetConversionValue
                0x0000000008003614                ADC_GetDualModeConversionValue
                0x0000000008003620                ADC_AutoInjectedConvCmd
                0x0000000008003634                ADC_InjectedDiscModeCmd
                0x0000000008003648                ADC_ExternalTrigInjectedConvConfig
                0x0000000008003654                ADC_ExternalTrigInjectedConvCmd
                0x0000000008003668                ADC_SoftwareStartInjectedConvCmd
                0x000000000800367c                ADC_GetSoftwareStartInjectedConvCmdStatus
                0x0000000008003684                ADC_InjectedChannelConfig
                0x00000000080036e0                ADC_InjectedSequencerLengthConfig
                0x00000000080036f0                ADC_SetInjectedOffset
                0x00000000080036f4                ADC_GetInjectedConversionValue
                0x00000000080036fc                ADC_AnalogWatchdogCmd
                0x000000000800370c                ADC_AnalogWatchdogThresholdsConfig
                0x0000000008003714                ADC_AnalogWatchdogSingleChannelConfig
                0x0000000008003720                ADC_TempSensorVrefintCmd
                0x000000000800373c                ADC_GetFlagStatus
                0x0000000008003748                ADC_ClearFlag
                0x0000000008003750                ADC_GetITStatus
                0x0000000008003768                ADC_ClearITPendingBit
 .text          0x0000000008003770       0xc4 ../../src/STM/Libraries/STM32F10x_StdPeriph_Driver/src/stm32f10x_bkp.o
                0x0000000008003770                BKP_DeInit
                0x0000000008003784                BKP_TamperPinLevelConfig
                0x0000000008003790                BKP_TamperPinCmd
                0x000000000800379c                BKP_ITConfig
                0x00000000080037a8                BKP_RTCOutputConfig
                0x00000000080037c0                BKP_SetRTCCalibrationValue
                0x00000000080037d8                BKP_WriteBackupRegister
                0x00000000080037e4                BKP_ReadBackupRegister
                0x00000000080037f4                BKP_GetFlagStatus
                0x0000000008003800                BKP_ClearFlag
                0x0000000008003814                BKP_GetITStatus
                0x0000000008003820                BKP_ClearITPendingBit
 .text          0x0000000008003834      0x614 ../../src/STM/Libraries/STM32F10x_StdPeriph_Driver/src/stm32f10x_can.o
                0x0000000008003834                CAN_DeInit
                0x000000000800385c                CAN_Init
                0x000000000800393c                CAN_FilterInit
                0x0000000008003a30                CAN_StructInit
                0x0000000008003a58                CAN_ITConfig
                0x0000000008003a6c                CAN_Transmit
                0x0000000008003b3c                CAN_TransmitStatus
                0x0000000008003bb0                CAN_CancelTransmit
                0x0000000008003bdc                CAN_FIFORelease
                0x0000000008003be8                CAN_MessagePending
                0x0000000008003c00                CAN_Receive
                0x0000000008003c90                CAN_DBGFreeze
                0x0000000008003ca4                CAN_Sleep
                0x0000000008003cc0                CAN_WakeUp
                0x0000000008003cec                CAN_GetFlagStatus
                0x0000000008003cf8                CAN_ClearFlag
                0x0000000008003d04                CAN_GetITStatus
                0x0000000008003da8                CAN_ClearITPendingBit
 .text          0x0000000008003e48       0x58 ../../src/STM/Libraries/STM32F10x_StdPeriph_Driver/src/stm32f10x_crc.o
                0x0000000008003e48                CRC_ResetDR
                0x0000000008003e54                CRC_CalcCRC
                0x0000000008003e60                CRC_CalcBlockCRC
                0x0000000008003e7c                CRC_GetCRC
                0x0000000008003e88                CRC_SetIDRegister
                0x0000000008003e94                CRC_GetIDRegister
 .text          0x0000000008003ea0      0x130 ../../src/STM/Libraries/STM32F10x_StdPeriph_Driver/src/stm32f10x_dac.o
                0x0000000008003ea0                DAC_DeInit
                0x0000000008003ebc                DAC_Init
                0x0000000008003eec                DAC_StructInit
                0x0000000008003ef8                DAC_Cmd
                0x0000000008003f18                DAC_DMACmd
                0x0000000008003f38                DAC_SoftwareTriggerCmd
                0x0000000008003f58                DAC_DualSoftwareTriggerCmd
                0x0000000008003f74                DAC_WaveGenerationCmd
                0x0000000008003f90                DAC_SetChannel1Data
                0x0000000008003f9c                DAC_SetChannel2Data
                0x0000000008003fa8                DAC_SetDualChannelData
                0x0000000008003fc0                DAC_GetDataOutputValue
 .text          0x0000000008003fd0       0x34 ../../src/STM/Libraries/STM32F10x_StdPeriph_Driver/src/stm32f10x_dbgmcu.o
                0x0000000008003fd0                DBGMCU_GetREVID
                0x0000000008003fdc                DBGMCU_GetDEVID
                0x0000000008003fec                DBGMCU_Config
 .text          0x0000000008004004      0x204 ../../src/STM/Libraries/STM32F10x_StdPeriph_Driver/src/stm32f10x_dma.o
                0x0000000008004004                DMA_DeInit
                0x000000000800411c                DMA_Init
                0x000000000800415c                DMA_StructInit
                0x0000000008004178                DMA_Cmd
                0x000000000800418c                DMA_ITConfig
                0x00000000080041a0                DMA_GetCurrDataCounter
                0x00000000080041a8                DMA_GetFlagStatus
                0x00000000080041c4                DMA_ClearFlag
                0x00000000080041d8                DMA_GetITStatus
                0x00000000080041f4                DMA_ClearITPendingBit
 .text          0x0000000008004208      0x104 ../../src/STM/Libraries/STM32F10x_StdPeriph_Driver/src/stm32f10x_exti.o
                0x0000000008004208                EXTI_DeInit
                0x0000000008004224                EXTI_Init
                0x00000000080042a4                EXTI_StructInit
                0x00000000080042b4                EXTI_GenerateSWInterrupt
                0x00000000080042c4                EXTI_GetFlagStatus
                0x00000000080042d8                EXTI_ClearFlag
                0x00000000080042e4                EXTI_GetITStatus
                0x0000000008004300                EXTI_ClearITPendingBit
 .text          0x000000000800430c      0x4b4 ../../src/STM/Libraries/STM32F10x_StdPeriph_Driver/src/stm32f10x_flash.o
                0x000000000800430c                FLASH_SetLatency
                0x0000000008004320                FLASH_HalfCycleAccessCmd
                0x0000000008004338                FLASH_PrefetchBufferCmd
                0x0000000008004350                FLASH_Unlock
                0x0000000008004368                FLASH_Lock
                0x0000000008004378                FLASH_GetUserOptionByte
                0x0000000008004384                FLASH_GetWriteProtectionOptionByte
                0x0000000008004390                FLASH_GetReadOutProtectionStatus
                0x00000000080043a0                FLASH_GetPrefetchBufferStatus
                0x00000000080043b0                FLASH_ITConfig
                0x00000000080043c8                FLASH_GetFlagStatus
                0x00000000080043e8                FLASH_ClearFlag
                0x00000000080043f4                FLASH_GetStatus
                0x000000000800441c                FLASH_WaitForLastOperation
                0x0000000008004464                FLASH_ErasePage
                0x00000000080044a8                FLASH_EraseAllPages
                0x00000000080044e8                FLASH_EraseOptionBytes
                0x0000000008004564                FLASH_ProgramWord
                0x00000000080045b4                FLASH_ProgramHalfWord
                0x00000000080045ec                FLASH_ProgramOptionByteData
                0x0000000008004634                FLASH_EnableWriteProtection
                0x00000000080046d4                FLASH_ReadOutProtection
                0x0000000008004768                FLASH_UserOptionByteConfig
 .text          0x00000000080047c0      0x4a0 ../../src/STM/Libraries/STM32F10x_StdPeriph_Driver/src/stm32f10x_fsmc.o
                0x00000000080047c0                FSMC_NORSRAMDeInit
                0x00000000080047f8                FSMC_NANDDeInit
                0x000000000800481c                FSMC_PCCARDDeInit
                0x0000000008004838                FSMC_NORSRAMInit
                0x00000000080048f4                FSMC_NANDInit
                0x0000000008004970                FSMC_PCCARDInit
                0x00000000080049d8                FSMC_NORSRAMStructInit
                0x0000000008004a2c                FSMC_NANDStructInit
                0x0000000008004a5c                FSMC_PCCARDStructInit
                0x0000000008004a8c                FSMC_NORSRAMCmd
                0x0000000008004aac                FSMC_NANDCmd
                0x0000000008004ae0                FSMC_PCCARDCmd
                0x0000000008004b04                FSMC_NANDECCCmd
                0x0000000008004b38                FSMC_GetECC
                0x0000000008004b4c                FSMC_ITConfig
                0x0000000008004ba0                FSMC_GetFlagStatus
                0x0000000008004bcc                FSMC_ClearFlag
                0x0000000008004bfc                FSMC_GetITStatus
                0x0000000008004c30                FSMC_ClearITPendingBit
 .text          0x0000000008004c60      0x2c8 ../../src/STM/Libraries/STM32F10x_StdPeriph_Driver/src/stm32f10x_gpio.o
                0x0000000008004c60                GPIO_DeInit
                0x0000000008004d34                GPIO_AFIODeInit
                0x0000000008004d4c                GPIO_Init
                0x0000000008004e10                GPIO_StructInit
                0x0000000008004e20                GPIO_ReadInputDataBit
                0x0000000008004e2c                GPIO_ReadInputData
                0x0000000008004e34                GPIO_ReadOutputDataBit
                0x0000000008004e40                GPIO_ReadOutputData
                0x0000000008004e48                GPIO_SetBits
                0x0000000008004e4c                GPIO_ResetBits
                0x0000000008004e50                GPIO_WriteBit
                0x0000000008004e5c                GPIO_Write
                0x0000000008004e60                GPIO_PinLockConfig
                0x0000000008004e70                GPIO_EventOutputConfig
                0x0000000008004e90                GPIO_EventOutputCmd
                0x0000000008004e9c                GPIO_PinRemapConfig
                0x0000000008004efc                GPIO_EXTILineConfig
 .text          0x0000000008004f28      0x400 ../../src/STM/Libraries/STM32F10x_StdPeriph_Driver/src/stm32f10x_i2c.o
                0x0000000008004f28                I2C_DeInit
                0x0000000008004f70                I2C_Init
                0x000000000800504c                I2C_StructInit
                0x0000000008005070                I2C_Cmd
                0x000000000800508c                I2C_DMACmd
                0x00000000080050a8                I2C_DMALastTransferCmd
                0x00000000080050c4                I2C_GenerateSTART
                0x00000000080050e0                I2C_GenerateSTOP
                0x00000000080050fc                I2C_AcknowledgeConfig
                0x0000000008005118                I2C_OwnAddress2Config
                0x000000000800512c                I2C_DualAddressCmd
                0x0000000008005148                I2C_GeneralCallCmd
                0x0000000008005164                I2C_ITConfig
                0x0000000008005178                I2C_SendData
                0x000000000800517c                I2C_ReceiveData
                0x0000000008005184                I2C_Send7bitAddress
                0x0000000008005198                I2C_ReadRegister
                0x00000000080051a8                I2C_SoftwareResetCmd
                0x00000000080051c4                I2C_SMBusAlertConfig
                0x00000000080051e4                I2C_TransmitPEC
                0x0000000008005200                I2C_PECPositionConfig
                0x0000000008005220                I2C_CalculatePEC
                0x000000000800523c                I2C_GetPEC
                0x0000000008005244                I2C_ARPCmd
                0x0000000008005260                I2C_StretchClockCmd
                0x000000000800527c                I2C_FastModeDutyCycleConfig
                0x000000000800529c                I2C_GetLastEvent
                0x00000000080052ac                I2C_CheckEvent
                0x00000000080052c4                I2C_GetFlagStatus
                0x00000000080052fc                I2C_ClearFlag
                0x0000000008005304                I2C_GetITStatus
                0x0000000008005320                I2C_ClearITPendingBit
 .text          0x0000000008005328       0x58 ../../src/STM/Libraries/STM32F10x_StdPeriph_Driver/src/stm32f10x_iwdg.o
                0x0000000008005328                IWDG_WriteAccessCmd
                0x0000000008005334                IWDG_SetPrescaler
                0x0000000008005340                IWDG_SetReload
                0x000000000800534c                IWDG_ReloadCounter
                0x000000000800535c                IWDG_Enable
                0x000000000800536c                IWDG_GetFlagStatus
 .text          0x0000000008005380       0xd4 ../../src/STM/Libraries/STM32F10x_StdPeriph_Driver/src/stm32f10x_pwr.o
                0x0000000008005380                PWR_DeInit
                0x000000000800539c                PWR_BackupAccessCmd
                0x00000000080053a8                PWR_PVDCmd
                0x00000000080053b4                PWR_PVDLevelConfig
                0x00000000080053c8                PWR_WakeUpPinCmd
                0x00000000080053d4                PWR_EnterSTOPMode
                0x0000000008005408                PWR_EnterSTANDBYMode
                0x0000000008005430                PWR_GetFlagStatus
                0x0000000008005444                PWR_ClearFlag
 .text          0x0000000008005454      0x368 ../../src/STM/Libraries/STM32F10x_StdPeriph_Driver/src/stm32f10x_rcc.o
                0x0000000008005454                RCC_DeInit
                0x0000000008005490                RCC_HSEConfig
                0x00000000080054c8                RCC_WaitForHSEStartUp
                0x00000000080054fc                RCC_AdjustHSICalibrationValue
                0x0000000008005510                RCC_HSICmd
                0x000000000800551c                RCC_PLLConfig
                0x0000000008005530                RCC_PLLCmd
                0x000000000800553c                RCC_SYSCLKConfig
                0x0000000008005550                RCC_GetSYSCLKSource
                0x0000000008005560                RCC_HCLKConfig
                0x0000000008005574                RCC_PCLK1Config
                0x0000000008005588                RCC_PCLK2Config
                0x000000000800559c                RCC_ITConfig
                0x00000000080055b4                RCC_USBCLKConfig
                0x00000000080055c0                RCC_ADCCLKConfig
                0x00000000080055d4                RCC_LSEConfig
                0x00000000080055f4                RCC_LSICmd
                0x0000000008005600                RCC_RTCCLKConfig
                0x0000000008005610                RCC_RTCCLKCmd
                0x000000000800561c                RCC_GetClocksFreq
                0x00000000080056bc                RCC_AHBPeriphClockCmd
                0x00000000080056d4                RCC_APB2PeriphClockCmd
                0x00000000080056ec                RCC_APB1PeriphClockCmd
                0x0000000008005704                RCC_APB2PeriphResetCmd
                0x000000000800571c                RCC_APB1PeriphResetCmd
                0x0000000008005734                RCC_BackupResetCmd
                0x0000000008005740                RCC_ClockSecuritySystemCmd
                0x000000000800574c                RCC_MCOConfig
                0x0000000008005758                RCC_GetFlagStatus
                0x000000000800578c                RCC_ClearFlag
                0x000000000800579c                RCC_GetITStatus
                0x00000000080057b0                RCC_ClearITPendingBit
 .text          0x00000000080057bc      0x170 ../../src/STM/Libraries/STM32F10x_StdPeriph_Driver/src/stm32f10x_rtc.o
                0x00000000080057bc                RTC_ITConfig
                0x00000000080057d8                RTC_EnterConfigMode
                0x00000000080057ec                RTC_ExitConfigMode
                0x0000000008005800                RTC_GetCounter
                0x0000000008005814                RTC_SetCounter
                0x000000000800583c                RTC_SetPrescaler
                0x0000000008005864                RTC_SetAlarm
                0x000000000800588c                RTC_GetDivider
                0x00000000080058a4                RTC_WaitForLastTask
                0x00000000080058b4                RTC_WaitForSynchro
                0x00000000080058d0                RTC_GetFlagStatus
                0x00000000080058e4                RTC_ClearFlag
                0x00000000080058f8                RTC_GetITStatus
                0x0000000008005918                RTC_ClearITPendingBit
 .text          0x000000000800592c      0x228 ../../src/STM/Libraries/STM32F10x_StdPeriph_Driver/src/stm32f10x_sdio.o
                0x000000000800592c                SDIO_DeInit
                0x0000000008005950                SDIO_Init
                0x0000000008005980                SDIO_StructInit
                0x0000000008005990                SDIO_ClockCmd
                0x000000000800599c                SDIO_SetPowerState
                0x00000000080059b4                SDIO_GetPowerState
                0x00000000080059c4                SDIO_ITConfig
                0x00000000080059dc                SDIO_DMACmd
                0x00000000080059e8                SDIO_SendCommand
                0x0000000008005a14                SDIO_CmdStructInit
                0x0000000008005a24                SDIO_GetCommandResponse
                0x0000000008005a30                SDIO_GetResponse
                0x0000000008005a3c                SDIO_DataConfig
                0x0000000008005a68                SDIO_DataStructInit
                0x0000000008005a7c                SDIO_GetDataCounter
                0x0000000008005a88                SDIO_ReadData
                0x0000000008005a94                SDIO_WriteData
                0x0000000008005aa0                SDIO_GetFIFOCount
                0x0000000008005aac                SDIO_StartSDIOReadWait
                0x0000000008005ab8                SDIO_StopSDIOReadWait
                0x0000000008005ac4                SDIO_SetSDIOReadWaitMode
                0x0000000008005ad0                SDIO_SetSDIOOperation
                0x0000000008005adc                SDIO_SendSDIOSuspendCmd
                0x0000000008005ae8                SDIO_CommandCompletionCmd
                0x0000000008005af4                SDIO_CEATAITCmd
                0x0000000008005b08                SDIO_SendCEATACmd
                0x0000000008005b14                SDIO_GetFlagStatus
                0x0000000008005b28                SDIO_ClearFlag
                0x0000000008005b34                SDIO_GetITStatus
                0x0000000008005b48                SDIO_ClearITPendingBit
 .text          0x0000000008005b54      0x2fc ../../src/STM/Libraries/STM32F10x_StdPeriph_Driver/src/stm32f10x_spi.o
                0x0000000008005b54                SPI_I2S_DeInit
                0x0000000008005bbc                SPI_Init
                0x0000000008005bfc                I2S_Init
                0x0000000008005cac                SPI_StructInit
                0x0000000008005cc4                I2S_StructInit
                0x0000000008005cd8                SPI_Cmd
                0x0000000008005cf4                I2S_Cmd
                0x0000000008005d10                SPI_I2S_ITConfig
                0x0000000008005d30                SPI_I2S_DMACmd
                0x0000000008005d44                SPI_I2S_SendData
                0x0000000008005d48                SPI_I2S_ReceiveData
                0x0000000008005d50                SPI_NSSInternalSoftwareConfig
                0x0000000008005d70                SPI_SSOutputCmd
                0x0000000008005d8c                SPI_DataSizeConfig
                0x0000000008005da4                SPI_TransmitCRC
                0x0000000008005db0                SPI_CalculateCRC
                0x0000000008005dcc                SPI_GetCRC
                0x0000000008005dd8                SPI_GetCRCPolynomial
                0x0000000008005de0                SPI_BiDirectionalLineConfig
                0x0000000008005e00                SPI_I2S_GetFlagStatus
                0x0000000008005e0c                SPI_I2S_ClearFlag
                0x0000000008005e14                SPI_I2S_GetITStatus
                0x0000000008005e40                SPI_I2S_ClearITPendingBit
 .text          0x0000000008005e50      0xcb0 ../../src/STM/Libraries/STM32F10x_StdPeriph_Driver/src/stm32f10x_tim.o
                0x0000000008005e50                TIM_DeInit
                0x0000000008005f48                TIM_TimeBaseInit
                0x0000000008005f90                TIM_OC1Init
                0x0000000008006014                TIM_OC2Init
                0x00000000080060a8                TIM_OC3Init
                0x0000000008006138                TIM_OC4Init
                0x00000000080061a8                TIM_ICInit
                0x0000000008006310                TIM_PWMIConfig
                0x0000000008006460                TIM_BDTRConfig
                0x0000000008006488                TIM_TimeBaseStructInit
                0x000000000800649c                TIM_OCStructInit
                0x00000000080064b0                TIM_ICStructInit
                0x00000000080064c0                TIM_BDTRStructInit
                0x00000000080064d4                TIM_Cmd
                0x00000000080064f0                TIM_CtrlPWMOutputs
                0x0000000008006510                TIM_ITConfig
                0x0000000008006524                TIM_GenerateEvent
                0x0000000008006528                TIM_DMAConfig
                0x0000000008006530                TIM_DMACmd
                0x0000000008006544                TIM_InternalClockConfig
                0x0000000008006554                TIM_ITRxExternalClockConfig
                0x0000000008006570                TIM_TIxExternalClockConfig
                0x00000000080065f8                TIM_ETRClockMode1Config
                0x0000000008006620                TIM_ETRClockMode2Config
                0x0000000008006644                TIM_ETRConfig
                0x000000000800665c                TIM_PrescalerConfig
                0x0000000008006664                TIM_CounterModeConfig
                0x0000000008006674                TIM_SelectInputTrigger
                0x0000000008006684                TIM_EncoderInterfaceConfig
                0x00000000080066c4                TIM_ForcedOC1Config
                0x00000000080066d4                TIM_ForcedOC2Config
                0x00000000080066e8                TIM_ForcedOC3Config
                0x00000000080066f8                TIM_ForcedOC4Config
                0x000000000800670c                TIM_ARRPreloadConfig
                0x0000000008006728                TIM_SelectCOM
                0x0000000008006744                TIM_SelectCCDMA
                0x0000000008006760                TIM_CCPreloadControl
                0x000000000800677c                TIM_OC1PreloadConfig
                0x000000000800678c                TIM_OC2PreloadConfig
                0x00000000080067a0                TIM_OC3PreloadConfig
                0x00000000080067b0                TIM_OC4PreloadConfig
                0x00000000080067c4                TIM_OC1FastConfig
                0x00000000080067d4                TIM_OC2FastConfig
                0x00000000080067e8                TIM_OC3FastConfig
                0x00000000080067f8                TIM_OC4FastConfig
                0x000000000800680c                TIM_ClearOC1Ref
                0x000000000800681c                TIM_ClearOC2Ref
                0x000000000800682c                TIM_ClearOC3Ref
                0x000000000800683c                TIM_ClearOC4Ref
                0x000000000800684c                TIM_OC1PolarityConfig
                0x000000000800685c                TIM_OC1NPolarityConfig
                0x000000000800686c                TIM_OC2PolarityConfig
                0x0000000008006880                TIM_OC2NPolarityConfig
                0x0000000008006894                TIM_OC3PolarityConfig
                0x00000000080068a8                TIM_OC3NPolarityConfig
                0x00000000080068bc                TIM_OC4PolarityConfig
                0x00000000080068d0                TIM_CCxCmd
                0x00000000080068ec                TIM_CCxNCmd
                0x0000000008006908                TIM_SelectOCxM
                0x0000000008006958                TIM_UpdateDisableConfig
                0x0000000008006974                TIM_UpdateRequestConfig
                0x0000000008006990                TIM_SelectHallSensor
                0x00000000080069ac                TIM_SelectOnePulseMode
                0x00000000080069c0                TIM_SelectOutputTrigger
                0x00000000080069d8                TIM_SelectSlaveMode
                0x00000000080069f0                TIM_SelectMasterSlaveMode
                0x0000000008006a08                TIM_SetCounter
                0x0000000008006a0c                TIM_SetAutoreload
                0x0000000008006a10                TIM_SetCompare1
                0x0000000008006a14                TIM_SetCompare2
                0x0000000008006a18                TIM_SetCompare3
                0x0000000008006a1c                TIM_SetCompare4
                0x0000000008006a24                TIM_SetIC1Prescaler
                0x0000000008006a3c                TIM_SetIC2Prescaler
                0x0000000008006a58                TIM_SetIC3Prescaler
                0x0000000008006a70                TIM_SetIC4Prescaler
                0x0000000008006a8c                TIM_SetClockDivision
                0x0000000008006a9c                TIM_GetCapture1
                0x0000000008006aa4                TIM_GetCapture2
                0x0000000008006aac                TIM_GetCapture3
                0x0000000008006ab4                TIM_GetCapture4
                0x0000000008006abc                TIM_GetCounter
                0x0000000008006ac4                TIM_GetPrescaler
                0x0000000008006acc                TIM_GetFlagStatus
                0x0000000008006ad8                TIM_ClearFlag
                0x0000000008006ae0                TIM_GetITStatus
                0x0000000008006af8                TIM_ClearITPendingBit
 .text          0x0000000008006b00      0x3ac ../../src/STM/Libraries/STM32F10x_StdPeriph_Driver/src/stm32f10x_usart.o
                0x0000000008006b00                USART_DeInit
                0x0000000008006bac                USART_Init
                0x0000000008006c3c                USART_StructInit
                0x0000000008006c54                USART_ClockInit
                0x0000000008006c78                USART_ClockStructInit
                0x0000000008006c84                USART_Cmd
                0x0000000008006ca0                USART_ITConfig
                0x0000000008006cdc                USART_DMACmd
                0x0000000008006cf0                USART_SetAddress
                0x0000000008006d08                USART_WakeUpConfig
                0x0000000008006d20                USART_ReceiverWakeUpCmd
                0x0000000008006d3c                USART_LINBreakDetectLengthConfig
                0x0000000008006d54                USART_LINCmd
                0x0000000008006d70                USART_SendData
                0x0000000008006d78                USART_ReceiveData
                0x0000000008006d80                USART_SendBreak
                0x0000000008006d8c                USART_SetGuardTime
                0x0000000008006da0                USART_SetPrescaler
                0x0000000008006db4                USART_SmartCardCmd
                0x0000000008006dd0                USART_SmartCardNACKCmd
                0x0000000008006dec                USART_HalfDuplexCmd
                0x0000000008006e08                USART_IrDAConfig
                0x0000000008006e20                USART_IrDACmd
                0x0000000008006e3c                USART_GetFlagStatus
                0x0000000008006e48                USART_ClearFlag
                0x0000000008006e50                USART_GetITStatus
                0x0000000008006e9c                USART_ClearITPendingBit
 .text          0x0000000008006eac       0x8c ../../src/STM/Libraries/STM32F10x_StdPeriph_Driver/src/stm32f10x_wwdg.o
                0x0000000008006eac                WWDG_DeInit
                0x0000000008006ec8                WWDG_SetPrescaler
                0x0000000008006edc                WWDG_SetWindowValue
                0x0000000008006ef4                WWDG_EnableIT
                0x0000000008006f00                WWDG_SetCounter
                0x0000000008006f10                WWDG_Enable
                0x0000000008006f20                WWDG_GetFlagStatus
                0x0000000008006f2c                WWDG_ClearFlag
 .text          0x0000000008006f38      0x91c ../../src/STM/Libraries/STM32_USB-FS-Device_Driver/src/usb_core.o
                0x0000000008006f38                Standard_GetConfiguration
                0x0000000008006f60                Standard_GetInterface
                0x0000000008007040                Standard_GetStatus
                0x00000000080070c0                Standard_SetConfiguration
                0x00000000080070fc                Standard_SetInterface
                0x000000000800714c                Standard_ClearFeature
                0x0000000008007224                Standard_SetEndPointFeature
                0x00000000080072b4                Standard_SetDeviceFeature
                0x00000000080072d8                Standard_GetDescriptorData
                0x00000000080072f4                Post0_Process
                0x0000000008007338                Setup0_Process
                0x00000000080076bc                Out0_Process
                0x00000000080077a4                SetDeviceAddress
                0x00000000080077e0                In0_Process
                0x0000000008007850                NOP_Process
 .text          0x0000000008007854       0xd0 ../../src/STM/Libraries/STM32_USB-FS-Device_Driver/src/usb_init.o
                0x0000000008007854                USB_SetDeviceConfiguration
                0x00000000080078e8                USB_Init
 .text          0x0000000008007924      0x1e0 ../../src/STM/Libraries/STM32_USB-FS-Device_Driver/src/usb_int.o
                0x0000000008007924                CTR_LP
                0x0000000008007a90                CTR_HP
 .text          0x0000000008007b04       0x5c ../../src/STM/Libraries/STM32_USB-FS-Device_Driver/src/usb_mem.o
                0x0000000008007b04                UserToPMABufferCopy
                0x0000000008007b40                PMAToUserBufferCopy
 .text          0x0000000008007b60      0x7a4 ../../src/STM/Libraries/STM32_USB-FS-Device_Driver/src/usb_regs.o
                0x0000000008007b60                SetCNTR
                0x0000000008007b6c                GetCNTR
                0x0000000008007b78                SetISTR
                0x0000000008007b84                GetISTR
                0x0000000008007b90                GetFNR
                0x0000000008007b9c                SetDADDR
                0x0000000008007ba8                GetDADDR
                0x0000000008007bb4                SetBTABLE
                0x0000000008007bc4                GetBTABLE
                0x0000000008007bd0                SetENDPOINT
                0x0000000008007be0                GetENDPOINT
                0x0000000008007bf0                SetEPType
                0x0000000008007c0c                GetEPType
                0x0000000008007c20                SetEPTxStatus
                0x0000000008007c4c                SetEPRxStatus
                0x0000000008007c78                SetDouBleBuffEPStall
                0x0000000008007ca4                GetEPTxStatus
                0x0000000008007cb8                GetEPRxStatus
                0x0000000008007ccc                SetEPTxValid
                0x0000000008007cec                SetEPRxValid
                0x0000000008007d0c                SetEP_KIND
                0x0000000008007d2c                ClearEP_KIND
                0x0000000008007d44                Clear_Status_Out
                0x0000000008007d5c                Set_Status_Out
                0x0000000008007d7c                SetEPDoubleBuff
                0x0000000008007d9c                ClearEPDoubleBuff
                0x0000000008007db4                GetTxStallStatus
                0x0000000008007dd0                GetRxStallStatus
                0x0000000008007dec                ClearEP_CTR_RX
                0x0000000008007e04                ClearEP_CTR_TX
                0x0000000008007e1c                ToggleDTOG_RX
                0x0000000008007e38                ToggleDTOG_TX
                0x0000000008007e54                ClearDTOG_RX
                0x0000000008007e74                ClearDTOG_TX
                0x0000000008007e94                SetEPAddress
                0x0000000008007eac                GetEPAddress
                0x0000000008007ec0                SetEPTxAddr
                0x0000000008007ee0                SetEPRxAddr
                0x0000000008007f00                GetEPTxAddr
                0x0000000008007f1c                GetEPRxAddr
                0x0000000008007f38                SetEPTxCount
                0x0000000008007f54                SetEPCountRxReg
                0x0000000008007f7c                SetEPRxCount
                0x0000000008007fc0                GetEPTxCount
                0x0000000008007fe0                GetEPRxCount
                0x0000000008008000                SetEPDblBuffAddr
                0x000000000800803c                SetEPDblBuf0Addr
                0x000000000800805c                SetEPDblBuf1Addr
                0x000000000800807c                GetEPDblBuf0Addr
                0x0000000008008098                GetEPDblBuf1Addr
                0x00000000080080b4                SetEPDblBuffCount
                0x000000000800816c                SetEPDblBuf0Count
                0x00000000080081cc                SetEPDblBuf1Count
                0x000000000800822c                GetEPDblBuf0Count
                0x000000000800824c                GetEPDblBuf1Count
                0x000000000800826c                GetEPDblBufDir
                0x00000000080082b0                FreeUserBuffer
                0x00000000080082f0                ToWord
                0x00000000080082f8                ByteSwap
 .text          0x0000000008008304        0x0 ../../src/CRYPT/AES/aes.o
 .text          0x0000000008008304      0x308 ../../src/CRYPT/SHA1/sha1.o
                0x0000000008008304                ch
                0x0000000008008310                maj
                0x000000000800831c                parity
                0x0000000008008324                sha1_init
                0x000000000800835c                sha1_nextBlock
                0x00000000080084a8                sha1_lastBlock
                0x0000000008008574                sha1_ctx2hash
                0x0000000008008584                sha1
 .text          0x000000000800860c      0x1b4 ../../src/CRYPT/SHA1/hmac-sha1.o
                0x000000000800860c                hmac_sha1_init
                0x0000000008008684                hmac_sha1_nextBlock
                0x0000000008008688                hmac_sha1_lastBlock
                0x00000000080086c8                hmac_sha1_final
                0x00000000080086ec                hmac_sha1
 .text          0x00000000080087c0      0x44c ../../src/CRYPT/hotp.o
                0x00000000080087c0                endian_swap
                0x00000000080087cc                dynamic_truncate
                0x00000000080087f0                write_data_to_flash
                0x0000000008008820                get_hotp_value
                0x0000000008008894                get_counter_value
                0x00000000080088b8                set_counter_value
                0x00000000080088fc                increment_counter_page
                0x00000000080089f8                get_code_from_hotp_slot
                0x0000000008008a78                backup_data
                0x0000000008008abc                write_to_slot
                0x0000000008008b28                check_backups
                0x0000000008008b90                get_hotp_slot_config
                0x0000000008008ba8                get_totp_slot_config
                0x0000000008008bc4                get_code_from_totp_slot
 .text          0x0000000008008c0c      0x220 ../../src/KEYBOARD/keyboard.o
                0x0000000008008c40                sendChar
                0x0000000008008cc0                sendEnter
                0x0000000008008cf8                sendKeys
                0x0000000008008d0c                sendNumber
[...]
                                                  ../../src/CCID/Ccid_usb.o
UserToPMABufferCopy                               ../../src/STM/Libraries/STM32_USB-FS-Device_Driver/src/usb_mem.o
                                                  ../../src/USB/usb_bot.o
                                                  ../../src/KEYBOARD/keyboard.o
                                                  ../../src/STM/Libraries/STM32_USB-FS-Device_Driver/src/usb_core.o
                                                  ../../src/CCID/Ccid_usb.o
User_Standard_Requests                            ../../src/SD_DISK/SD_USB/usb_prop.o
                                                  ../../src/STM/Libraries/STM32_USB-FS-Device_Driver/src/usb_init.o
WWDG_ClearFlag                                    ../../src/STM/Libraries/STM32F10x_StdPeriph_Driver/src/stm32f10x_wwdg.o
WWDG_DeInit                                       ../../src/STM/Libraries/STM32F10x_StdPeriph_Driver/src/stm32f10x_wwdg.o
WWDG_Enable                                       ../../src/STM/Libraries/STM32F10x_StdPeriph_Driver/src/stm32f10x_wwdg.o
WWDG_EnableIT                                     ../../src/STM/Libraries/STM32F10x_StdPeriph_Driver/src/stm32f10x_wwdg.o
WWDG_GetFlagStatus                                ../../src/STM/Libraries/STM32F10x_StdPeriph_Driver/src/stm32f10x_wwdg.o
WWDG_IRQHandler                                   ../../src/STM/Libraries/CMSIS/Core/CM3/startup/gcc/startup_stm32f10x_hd.o
WWDG_SetCounter                                   ../../src/STM/Libraries/STM32F10x_StdPeriph_Driver/src/stm32f10x_wwdg.o
WWDG_SetPrescaler                                 ../../src/STM/Libraries/STM32F10x_StdPeriph_Driver/src/stm32f10x_wwdg.o
WWDG_SetWindowValue                               ../../src/STM/Libraries/STM32F10x_StdPeriph_Driver/src/stm32f10x_wwdg.o
WaitForATR                                        ../../src/CCID/SMARTCARD/smartcard.o
XEP3_IN_Callback                                  ../../src/USB/usb_endp.o
__Init_Data                                       ../../src/STM/Libraries/CMSIS/Core/CM3/startup/gcc/startup_stm32f10x_hd.o
__LDREXB                                          ../../src/STM/Libraries/CMSIS/Core/CM3/core_cm3.o
__LDREXH                                          ../../src/STM/Libraries/CMSIS/Core/CM3/core_cm3.o
__LDREXW                                          ../../src/STM/Libraries/CMSIS/Core/CM3/core_cm3.o
__RBIT                                            ../../src/STM/Libraries/CMSIS/Core/CM3/core_cm3.o
__REV                                             ../../src/STM/Libraries/CMSIS/Core/CM3/core_cm3.o
__REV16                                           ../../src/STM/Libraries/CMSIS/Core/CM3/core_cm3.o
__REVSH                                           ../../src/STM/Libraries/CMSIS/Core/CM3/core_cm3.o
__STREXB                                          ../../src/STM/Libraries/CMSIS/Core/CM3/core_cm3.o
__STREXH                                          ../../src/STM/Libraries/CMSIS/Core/CM3/core_cm3.o
__STREXW                                          ../../src/STM/Libraries/CMSIS/Core/CM3/core_cm3.o
__get_BASEPRI                                     ../../src/STM/Libraries/CMSIS/Core/CM3/core_cm3.o
__get_CONTROL                                     ../../src/STM/Libraries/CMSIS/Core/CM3/core_cm3.o
__get_FAULTMASK                                   ../../src/STM/Libraries/CMSIS/Core/CM3/core_cm3.o
__get_MSP                                         ../../src/STM/Libraries/CMSIS/Core/CM3/core_cm3.o
__get_PRIMASK                                     ../../src/STM/Libraries/CMSIS/Core/CM3/core_cm3.o
__get_PSP                                         ../../src/STM/Libraries/CMSIS/Core/CM3/core_cm3.o
__set_BASEPRI                                     ../../src/STM/Libraries/CMSIS/Core/CM3/core_cm3.o
__set_CONTROL                                     ../../src/STM/Libraries/CMSIS/Core/CM3/core_cm3.o
__set_FAULTMASK                                   ../../src/STM/Libraries/CMSIS/Core/CM3/core_cm3.o
__set_MSP                                         ../../src/STM/Libraries/CMSIS/Core/CM3/core_cm3.o
__set_PRIMASK                                     ../../src/STM/Libraries/CMSIS/Core/CM3/core_cm3.o
__set_PSP                                         ../../src/STM/Libraries/CMSIS/Core/CM3/core_cm3.o
_ebss                                             ../../src/STM/Libraries/CMSIS/Core/CM3/startup/gcc/startup_stm32f10x_hd.o
_edata                                            ../../src/STM/Libraries/CMSIS/Core/CM3/startup/gcc/startup_stm32f10x_hd.o
_estack                                           ../../src/STM/Libraries/CMSIS/Core/CM3/startup/gcc/startup_stm32f10x_hd.o
_sbss                                             ../../src/STM/Libraries/CMSIS/Core/CM3/startup/gcc/startup_stm32f10x_hd.o
_sdata                                            ../../src/STM/Libraries/CMSIS/Core/CM3/startup/gcc/startup_stm32f10x_hd.o
_sidata                                           ../../src/STM/Libraries/CMSIS/Core/CM3/startup/gcc/startup_stm32f10x_hd.o
authorized_crc                                    ../../src/KEYBOARD/report_protocol.o
bDeviceState                                      ../../src/USB/usb_pwr.o
                                                  ../../src/KEYBOARD/keyboard.o
                                                  ../../src/SD_DISK/SD_USB/usb_prop.o
                                                  ../../src/CCID/CCIDHID_USB/CCIDHID_usb_prop.o
                                                  ../../src/hw_config.o
bIntPackSOF                                       ../../src/USB/usb_istr.o
backup_data                                       ../../src/CRYPT/hotp.o
blinkOATHLEDTimes                                 ../../src/hw_config.o
                                                  ../../src/STM/stm32f10x_it.o
capsLockClicked                                   ../../src/CCID/CCIDHID_USB/CCIDHID_usb_prop.o
                                                  ../../src/main.o
cardAuthenticate                                  ../../src/CCID/CcidLocalAccess.o
                                                  ../../src/KEYBOARD/report_protocol.o
cardSerial                                        ../../src/hw_config.o
                                                  ../../src/KEYBOARD/report_protocol.o
ch                                                ../../src/CRYPT/SHA1/sha1.o
check_backups                                     ../../src/CRYPT/hotp.o
                                                  ../../src/main.o
cmd_authorize                                     ../../src/KEYBOARD/report_protocol.o
cmd_erase_slot                                    ../../src/KEYBOARD/report_protocol.o
cmd_first_authenticate                            ../../src/KEYBOARD/report_protocol.o
cmd_get_code                                      ../../src/KEYBOARD/report_protocol.o
cmd_get_password_retry_count                      ../../src/KEYBOARD/report_protocol.o
cmd_get_status                                    ../../src/KEYBOARD/report_protocol.o
cmd_read_slot                                     ../../src/KEYBOARD/report_protocol.o
cmd_read_slot_name                                ../../src/KEYBOARD/report_protocol.o
cmd_write_config                                  ../../src/KEYBOARD/report_protocol.o
cmd_write_to_slot                                 ../../src/KEYBOARD/report_protocol.o
currentTime                                       ../../src/main.o
                                                  ../../src/STM/stm32f10x_it.o
                                                  ../../src/CCID/CCIDHID_USB/CCIDHID_usb_prop.o
device_status                                     ../../src/main.o
                                                  ../../src/CCID/CCIDHID_USB/CCIDHID_usb_prop.o
dynamic_truncate                                  ../../src/CRYPT/hotp.o
endian_swap                                       ../../src/CRYPT/hotp.o
fSuspendEnabled                                   ../../src/USB/usb_pwr.o
                                                  ../../src/USB/usb_istr.o
g_pfnVectors                                      ../../src/STM/Libraries/CMSIS/Core/CM3/startup/gcc/startup_stm32f10x_hd.o
getAID                                            ../../src/CCID/CcidLocalAccess.o
                                                  ../../src/KEYBOARD/report_protocol.o
                                                  ../../src/hw_config.o
getByteOfData                                     ../../src/CCID/CcidLocalAccess.o
                                                  ../../src/hw_config.o
getPasswordRetryCount                             ../../src/CCID/CcidLocalAccess.o
                                                  ../../src/KEYBOARD/report_protocol.o
getSerialNumber                                   ../../src/CCID/CcidLocalAccess.o
get_code_from_hotp_slot                           ../../src/CRYPT/hotp.o
                                                  ../../src/KEYBOARD/report_protocol.o
                                                  ../../src/main.o
get_code_from_totp_slot                           ../../src/CRYPT/hotp.o
                                                  ../../src/KEYBOARD/report_protocol.o
get_counter_value                                 ../../src/CRYPT/hotp.o
get_hotp_slot_config                              ../../src/CRYPT/hotp.o
                                                  ../../src/main.o
get_hotp_value                                    ../../src/CRYPT/hotp.o
get_totp_slot_config                              ../../src/CRYPT/hotp.o
getu16                                            ../../src/memory_ops.o
                                                  ../../src/CRYPT/hotp.o
getu32                                            ../../src/memory_ops.o
                                                  ../../src/KEYBOARD/report_protocol.o
                                                  ../../src/CRYPT/hotp.o
getu64                                            ../../src/memory_ops.o
                                                  ../../src/KEYBOARD/report_protocol.o
hmac_sha1                                         ../../src/CRYPT/SHA1/hmac-sha1.o
                                                  ../../src/CRYPT/hotp.o
hmac_sha1_final                                   ../../src/CRYPT/SHA1/hmac-sha1.o
hmac_sha1_init                                    ../../src/CRYPT/SHA1/hmac-sha1.o
hmac_sha1_lastBlock                               ../../src/CRYPT/SHA1/hmac-sha1.o
hmac_sha1_nextBlock                               ../../src/CRYPT/SHA1/hmac-sha1.o
hotp_slot_counters                                ../../src/CRYPT/hotp.o
                                                  ../../src/KEYBOARD/report_protocol.o
hotp_slot_offsets                                 ../../src/CRYPT/hotp.o
                                                  ../../src/KEYBOARD/report_protocol.o
hotp_slots                                        ../../src/CRYPT/hotp.o
                                                  ../../src/KEYBOARD/report_protocol.o
                                                  ../../src/main.o
increment_counter_page                            ../../src/CRYPT/hotp.o
initSCHardware                                    ../../src/CCID/SMARTCARD/smartcard.o
jmpRestartUSB                                     ../../src/main.o
keyboardBuffer                                    ../../src/KEYBOARD/keyboard.o
lastCapsLockChange                                ../../src/CCID/CCIDHID_USB/CCIDHID_usb_prop.o
lastLEDState                                      ../../src/CCID/CCIDHID_USB/CCIDHID_usb_prop.o
lastNumLockChange                                 ../../src/CCID/CCIDHID_USB/CCIDHID_usb_prop.o
lastOATHBlinkTime                                 ../../src/hw_config.o
                                                  ../../src/STM/stm32f10x_it.o
lastScrollLockChange                              ../../src/CCID/CCIDHID_USB/CCIDHID_usb_prop.o
longjmp                                           /usr/bin/../lib/gcc/arm-none-eabi/4.8.3/../../../../arm-none-eabi/lib/armv7-m/libc.a(lib_a-setjmp.o)
main                                              ../../src/main.o
                                                  ../../src/STM/Libraries/CMSIS/Core/CM3/startup/gcc/startup_stm32f10x_hd.o
maj                                               ../../src/CRYPT/SHA1/sha1.o
memcmp                                            /usr/bin/../lib/gcc/arm-none-eabi/4.8.3/../../../../arm-none-eabi/lib/armv7-m/libc.a(lib_a-memcmp.o)
                                                  ../../src/KEYBOARD/report_protocol.o
memcpy                                            /usr/bin/../lib/gcc/arm-none-eabi/4.8.3/../../../../arm-none-eabi/lib/armv7-m/libc.a(lib_a-memcpy.o)
                                                  ../../src/CRYPT/hotp.o
                                                  ../../src/CRYPT/SHA1/hmac-sha1.o
                                                  ../../src/CRYPT/SHA1/sha1.o
                                                  ../../src/CCID/CcidLocalAccess.o
memmove                                           /usr/bin/../lib/gcc/arm-none-eabi/4.8.3/../../../../arm-none-eabi/lib/armv7-m/libc.a(lib_a-memmove.o)
                                                  ../../src/CRYPT/SHA1/sha1.o
memset                                            /usr/bin/../lib/gcc/arm-none-eabi/4.8.3/../../../../arm-none-eabi/lib/armv7-m/libc.a(lib_a-memset.o)
                                                  ../../src/KEYBOARD/report_protocol.o
                                                  ../../src/CRYPT/SHA1/hmac-sha1.o
                                                  ../../src/CRYPT/SHA1/sha1.o
message                                           ../../src/CCID/CCIDHID_USB/CCIDHID_usb_prop.o
nFlagSendSMCardInserted                           ../../src/main.o
                                                  ../../src/CCID/CCIDHID_USB/CCIDHID_usb_prop.o
nGlobalStickState                                 ../../src/main.o
                                                  ../../src/STM/Libraries/STM32_USB-FS-Device_Driver/src/usb_init.o
numLockClicked                                    ../../src/CCID/CCIDHID_USB/CCIDHID_usb_prop.o
                                                  ../../src/main.o
pCrdBuffer                                        ../../src/CCID/Crd.o
pEpInt_IN                                         ../../src/USB/usb_istr.o
                                                  ../../src/STM/Libraries/STM32_USB-FS-Device_Driver/src/usb_int.o
pEpInt_OUT                                        ../../src/USB/usb_istr.o
                                                  ../../src/STM/Libraries/STM32_USB-FS-Device_Driver/src/usb_int.o
pInformation                                      ../../src/STM/Libraries/STM32_USB-FS-Device_Driver/src/usb_init.o
                                                  ../../src/STM/Libraries/STM32_USB-FS-Device_Driver/src/usb_core.o
                                                  ../../src/SD_DISK/SD_USB/usb_prop.o
                                                  ../../src/CCID/CCIDHID_USB/CCIDHID_usb_prop.o
pProperty                                         ../../src/STM/Libraries/STM32_USB-FS-Device_Driver/src/usb_init.o
                                                  ../../src/STM/Libraries/STM32_USB-FS-Device_Driver/src/usb_core.o
pUser_Standard_Requests                           ../../src/STM/Libraries/STM32_USB-FS-Device_Driver/src/usb_init.o
                                                  ../../src/STM/Libraries/STM32_USB-FS-Device_Driver/src/usb_core.o
page_buffer                                       ../../src/CRYPT/hotp.o
parity                                            ../../src/CRYPT/SHA1/sha1.o
parse_report                                      ../../src/KEYBOARD/report_protocol.o
                                                  ../../src/main.o
scrollLockClicked                                 ../../src/CCID/CCIDHID_USB/CCIDHID_usb_prop.o
                                                  ../../src/main.o
sendChar                                          ../../src/KEYBOARD/keyboard.o
sendEnter                                         ../../src/KEYBOARD/keyboard.o
                                                  ../../src/main.o
sendKeys                                          ../../src/KEYBOARD/keyboard.o
sendNumber                                        ../../src/KEYBOARD/keyboard.o
sendNumberN                                       ../../src/KEYBOARD/keyboard.o
                                                  ../../src/main.o
sendString                                        ../../src/KEYBOARD/keyboard.o
                                                  ../../src/main.o
set_counter_value                                 ../../src/CRYPT/hotp.o
                                                  ../../src/KEYBOARD/report_protocol.o
setjmp                                            /usr/bin/../lib/gcc/arm-none-eabi/4.8.3/../../../../arm-none-eabi/lib/armv7-m/libc.a(lib_a-setjmp.o)
                                                  ../../src/main.o
sha1                                              ../../src/CRYPT/SHA1/sha1.o
                                                  ../../src/CRYPT/SHA1/hmac-sha1.o
sha1_ctx2hash                                     ../../src/CRYPT/SHA1/sha1.o
                                                  ../../src/CRYPT/SHA1/hmac-sha1.o
sha1_init                                         ../../src/CRYPT/SHA1/sha1.o
                                                  ../../src/CRYPT/SHA1/hmac-sha1.o
sha1_lastBlock                                    ../../src/CRYPT/SHA1/sha1.o
                                                  ../../src/CRYPT/SHA1/hmac-sha1.o
sha1_nextBlock                                    ../../src/CRYPT/SHA1/sha1.o
                                                  ../../src/CRYPT/SHA1/hmac-sha1.o
strcpy                                            /usr/bin/../lib/gcc/arm-none-eabi/4.8.3/../../../../arm-none-eabi/lib/armv7-m/libc.a(lib_a-strcpy.o)
                                                  ../../src/CCID/CcidLocalAccess.o
strlen                                            /usr/bin/../lib/gcc/arm-none-eabi/4.8.3/../../../../arm-none-eabi/lib/armv7-m/libc.a(lib_a-strlen.o)
                                                  ../../src/CCID/CcidLocalAccess.o
temp_password                                     ../../src/KEYBOARD/report_protocol.o
test2                                             ../../src/main.o
tmp_password_set                                  ../../src/KEYBOARD/report_protocol.o
totp_slot_offsets                                 ../../src/CRYPT/hotp.o
                                                  ../../src/KEYBOARD/report_protocol.o
totp_slots                                        ../../src/CRYPT/hotp.o
                                                  ../../src/KEYBOARD/report_protocol.o
wInterrupt_Mask                                   ../../src/USB/usb_istr.o
                                                  ../../src/USB/usb_pwr.o
                                                  ../../src/STM/Libraries/STM32_USB-FS-Device_Driver/src/usb_init.o
                                                  ../../src/SD_DISK/SD_USB/usb_prop.o
                                                  ../../src/CCID/CCIDHID_USB/CCIDHID_usb_prop.o
wIstr                                             ../../src/USB/usb_istr.o
                                                  ../../src/STM/Libraries/STM32_USB-FS-Device_Driver/src/usb_int.o
write_data_to_flash                               ../../src/CRYPT/hotp.o
write_to_slot                                     ../../src/CRYPT/hotp.o
                                                  ../../src/KEYBOARD/report_protocol.o
